Archive member included to satisfy reference by file (symbol)

c:/ac6/systemworkbench/plugins/fr.ac6.mcu.externaltools.arm-none.win32_1.17.0.201812190825/tools/compiler/bin/../lib/gcc/arm-none-eabi/7.3.1/../../../../arm-none-eabi/lib/thumb/v7e-m/fpv4-sp/hard\libc.a(lib_a-exit.o)
                              c:/ac6/systemworkbench/plugins/fr.ac6.mcu.externaltools.arm-none.win32_1.17.0.201812190825/tools/compiler/bin/../lib/gcc/arm-none-eabi/7.3.1/../../../../arm-none-eabi/lib/thumb/v7e-m/fpv4-sp/hard/crt0.o (exit)
c:/ac6/systemworkbench/plugins/fr.ac6.mcu.externaltools.arm-none.win32_1.17.0.201812190825/tools/compiler/bin/../lib/gcc/arm-none-eabi/7.3.1/../../../../arm-none-eabi/lib/thumb/v7e-m/fpv4-sp/hard\libc.a(lib_a-impure.o)
                              c:/ac6/systemworkbench/plugins/fr.ac6.mcu.externaltools.arm-none.win32_1.17.0.201812190825/tools/compiler/bin/../lib/gcc/arm-none-eabi/7.3.1/../../../../arm-none-eabi/lib/thumb/v7e-m/fpv4-sp/hard\libc.a(lib_a-exit.o) (_global_impure_ptr)
c:/ac6/systemworkbench/plugins/fr.ac6.mcu.externaltools.arm-none.win32_1.17.0.201812190825/tools/compiler/bin/../lib/gcc/arm-none-eabi/7.3.1/../../../../arm-none-eabi/lib/thumb/v7e-m/fpv4-sp/hard\libc.a(lib_a-init.o)
                              c:/ac6/systemworkbench/plugins/fr.ac6.mcu.externaltools.arm-none.win32_1.17.0.201812190825/tools/compiler/bin/../lib/gcc/arm-none-eabi/7.3.1/../../../../arm-none-eabi/lib/thumb/v7e-m/fpv4-sp/hard/crt0.o (__libc_init_array)
c:/ac6/systemworkbench/plugins/fr.ac6.mcu.externaltools.arm-none.win32_1.17.0.201812190825/tools/compiler/bin/../lib/gcc/arm-none-eabi/7.3.1/../../../../arm-none-eabi/lib/thumb/v7e-m/fpv4-sp/hard\libc.a(lib_a-memcpy.o)
                              ../../motorcontroller2/MOTORCONTROLLER/app/obj/FreeRTOS/queue.o (memcpy)
c:/ac6/systemworkbench/plugins/fr.ac6.mcu.externaltools.arm-none.win32_1.17.0.201812190825/tools/compiler/bin/../lib/gcc/arm-none-eabi/7.3.1/../../../../arm-none-eabi/lib/thumb/v7e-m/fpv4-sp/hard\libc.a(lib_a-memset.o)
                              c:/ac6/systemworkbench/plugins/fr.ac6.mcu.externaltools.arm-none.win32_1.17.0.201812190825/tools/compiler/bin/../lib/gcc/arm-none-eabi/7.3.1/../../../../arm-none-eabi/lib/thumb/v7e-m/fpv4-sp/hard/crt0.o (memset)
c:/ac6/systemworkbench/plugins/fr.ac6.mcu.externaltools.arm-none.win32_1.17.0.201812190825/tools/compiler/bin/../lib/gcc/arm-none-eabi/7.3.1/../../../../arm-none-eabi/lib/thumb/v7e-m/fpv4-sp/hard\libc.a(lib_a-__call_atexit.o)
                              c:/ac6/systemworkbench/plugins/fr.ac6.mcu.externaltools.arm-none.win32_1.17.0.201812190825/tools/compiler/bin/../lib/gcc/arm-none-eabi/7.3.1/../../../../arm-none-eabi/lib/thumb/v7e-m/fpv4-sp/hard\libc.a(lib_a-exit.o) (__call_exitprocs)
c:/ac6/systemworkbench/plugins/fr.ac6.mcu.externaltools.arm-none.win32_1.17.0.201812190825/tools/compiler/bin/../lib/gcc/arm-none-eabi/7.3.1/../../../../arm-none-eabi/lib/thumb/v7e-m/fpv4-sp/hard\libc.a(lib_a-atexit.o)
                              c:/ac6/systemworkbench/plugins/fr.ac6.mcu.externaltools.arm-none.win32_1.17.0.201812190825/tools/compiler/bin/../lib/gcc/arm-none-eabi/7.3.1/../../../../arm-none-eabi/lib/thumb/v7e-m/fpv4-sp/hard\libc.a(lib_a-__call_atexit.o) (atexit)
c:/ac6/systemworkbench/plugins/fr.ac6.mcu.externaltools.arm-none.win32_1.17.0.201812190825/tools/compiler/bin/../lib/gcc/arm-none-eabi/7.3.1/../../../../arm-none-eabi/lib/thumb/v7e-m/fpv4-sp/hard\libc.a(lib_a-fini.o)
                              c:/ac6/systemworkbench/plugins/fr.ac6.mcu.externaltools.arm-none.win32_1.17.0.201812190825/tools/compiler/bin/../lib/gcc/arm-none-eabi/7.3.1/../../../../arm-none-eabi/lib/thumb/v7e-m/fpv4-sp/hard\libc.a(lib_a-__call_atexit.o) (__libc_fini_array)
c:/ac6/systemworkbench/plugins/fr.ac6.mcu.externaltools.arm-none.win32_1.17.0.201812190825/tools/compiler/bin/../lib/gcc/arm-none-eabi/7.3.1/../../../../arm-none-eabi/lib/thumb/v7e-m/fpv4-sp/hard\libc.a(lib_a-lock.o)
                              c:/ac6/systemworkbench/plugins/fr.ac6.mcu.externaltools.arm-none.win32_1.17.0.201812190825/tools/compiler/bin/../lib/gcc/arm-none-eabi/7.3.1/../../../../arm-none-eabi/lib/thumb/v7e-m/fpv4-sp/hard\libc.a(lib_a-__call_atexit.o) (__retarget_lock_acquire_recursive)
c:/ac6/systemworkbench/plugins/fr.ac6.mcu.externaltools.arm-none.win32_1.17.0.201812190825/tools/compiler/bin/../lib/gcc/arm-none-eabi/7.3.1/../../../../arm-none-eabi/lib/thumb/v7e-m/fpv4-sp/hard\libc.a(lib_a-__atexit.o)
                              c:/ac6/systemworkbench/plugins/fr.ac6.mcu.externaltools.arm-none.win32_1.17.0.201812190825/tools/compiler/bin/../lib/gcc/arm-none-eabi/7.3.1/../../../../arm-none-eabi/lib/thumb/v7e-m/fpv4-sp/hard\libc.a(lib_a-atexit.o) (__register_exitproc)

Allocating common symbols
Common symbol       size              file

__lock___atexit_recursive_mutex
[...]
Memory Configuration

Name             Origin             Length             Attributes
FLASH            0x08008000         0x00078000         xr
RAM              0x20000000         0x00020000         xrw
*default*        0x00000000         0xffffffff

Linker script and memory map

LOAD c:/ac6/systemworkbench/plugins/fr.ac6.mcu.externaltools.arm-none.win32_1.17.0.201812190825/tools/compiler/bin/../lib/gcc/arm-none-eabi/7.3.1/thumb/v7e-m/fpv4-sp/hard/crti.o
LOAD c:/ac6/systemworkbench/plugins/fr.ac6.mcu.externaltools.arm-none.win32_1.17.0.201812190825/tools/compiler/bin/../lib/gcc/arm-none-eabi/7.3.1/thumb/v7e-m/fpv4-sp/hard/crtbegin.o
LOAD c:/ac6/systemworkbench/plugins/fr.ac6.mcu.externaltools.arm-none.win32_1.17.0.201812190825/tools/compiler/bin/../lib/gcc/arm-none-eabi/7.3.1/../../../../arm-none-eabi/lib/thumb/v7e-m/fpv4-sp/hard/crt0.o
LOAD ../../motorcontroller2/MOTORCONTROLLER/app/obj/STM_Std_Periph/misc.o
LOAD ../../motorcontroller2/MOTORCONTROLLER/app/obj/STM_Std_Periph/stm32f4xx_adc.o
LOAD ../../motorcontroller2/MOTORCONTROLLER/app/obj/STM_Std_Periph/stm32f4xx_can.o
LOAD ../../motorcontroller2/MOTORCONTROLLER/app/obj/STM_Std_Periph/stm32f4xx_cec.o
LOAD ../../motorcontroller2/MOTORCONTROLLER/app/obj/STM_Std_Periph/stm32f4xx_crc.o
LOAD ../../motorcontroller2/MOTORCONTROLLER/app/obj/STM_Std_Periph/stm32f4xx_cryp.o
LOAD ../../motorcontroller2/MOTORCONTROLLER/app/obj/STM_Std_Periph/stm32f4xx_cryp_aes.o
LOAD ../../motorcontroller2/MOTORCONTROLLER/app/obj/STM_Std_Periph/stm32f4xx_cryp_des.o
LOAD ../../motorcontroller2/MOTORCONTROLLER/app/obj/STM_Std_Periph/stm32f4xx_cryp_tdes.o
LOAD ../../motorcontroller2/MOTORCONTROLLER/app/obj/STM_Std_Periph/stm32f4xx_dac.o
LOAD ../../motorcontroller2/MOTORCONTROLLER/app/obj/STM_Std_Periph/stm32f4xx_dbgmcu.o
LOAD ../../motorcontroller2/MOTORCONTROLLER/app/obj/STM_Std_Periph/stm32f4xx_dcmi.o
LOAD ../../motorcontroller2/MOTORCONTROLLER/app/obj/STM_Std_Periph/stm32f4xx_dfsdm.o
LOAD ../../motorcontroller2/MOTORCONTROLLER/app/obj/STM_Std_Periph/stm32f4xx_dma.o
LOAD ../../motorcontroller2/MOTORCONTROLLER/app/obj/STM_Std_Periph/stm32f4xx_dma2d.o
LOAD ../../motorcontroller2/MOTORCONTROLLER/app/obj/STM_Std_Periph/stm32f4xx_dsi.o
LOAD ../../motorcontroller2/MOTORCONTROLLER/app/obj/STM_Std_Periph/stm32f4xx_exti.o
LOAD ../../motorcontroller2/MOTORCONTROLLER/app/obj/STM_Std_Periph/stm32f4xx_flash.o
LOAD ../../motorcontroller2/MOTORCONTROLLER/app/obj/STM_Std_Periph/stm32f4xx_flash_ramfunc.o
LOAD ../../motorcontroller2/MOTORCONTROLLER/app/obj/STM_Std_Periph/stm32f4xx_fmpi2c.o
LOAD ../../motorcontroller2/MOTORCONTROLLER/app/obj/STM_Std_Periph/stm32f4xx_gpio.o
LOAD ../../motorcontroller2/MOTORCONTROLLER/app/obj/STM_Std_Periph/stm32f4xx_hash.o
LOAD ../../motorcontroller2/MOTORCONTROLLER/app/obj/STM_Std_Periph/stm32f4xx_hash_md5.o
LOAD ../../motorcontroller2/MOTORCONTROLLER/app/obj/STM_Std_Periph/stm32f4xx_hash_sha1.o
LOAD ../../motorcontroller2/MOTORCONTROLLER/app/obj/STM_Std_Periph/stm32f4xx_i2c.o
LOAD ../../motorcontroller2/MOTORCONTROLLER/app/obj/STM_Std_Periph/stm32f4xx_iwdg.o
LOAD ../../motorcontroller2/MOTORCONTROLLER/app/obj/STM_Std_Periph/stm32f4xx_lptim.o
LOAD ../../motorcontroller2/MOTORCONTROLLER/app/obj/STM_Std_Periph/stm32f4xx_ltdc.o
LOAD ../../motorcontroller2/MOTORCONTROLLER/app/obj/STM_Std_Periph/stm32f4xx_pwr.o
LOAD ../../motorcontroller2/MOTORCONTROLLER/app/obj/STM_Std_Periph/stm32f4xx_qspi.o
LOAD ../../motorcontroller2/MOTORCONTROLLER/app/obj/STM_Std_Periph/stm32f4xx_rcc.o
LOAD ../../motorcontroller2/MOTORCONTROLLER/app/obj/STM_Std_Periph/stm32f4xx_rng.o
LOAD ../../motorcontroller2/MOTORCONTROLLER/app/obj/STM_Std_Periph/stm32f4xx_rtc.o
LOAD ../../motorcontroller2/MOTORCONTROLLER/app/obj/STM_Std_Periph/stm32f4xx_sai.o
LOAD ../../motorcontroller2/MOTORCONTROLLER/app/obj/STM_Std_Periph/stm32f4xx_sdio.o
LOAD ../../motorcontroller2/MOTORCONTROLLER/app/obj/STM_Std_Periph/stm32f4xx_spdifrx.o
LOAD ../../motorcontroller2/MOTORCONTROLLER/app/obj/STM_Std_Periph/stm32f4xx_spi.o
LOAD ../../motorcontroller2/MOTORCONTROLLER/app/obj/STM_Std_Periph/stm32f4xx_syscfg.o
LOAD ../../motorcontroller2/MOTORCONTROLLER/app/obj/STM_Std_Periph/stm32f4xx_tim.o
LOAD ../../motorcontroller2/MOTORCONTROLLER/app/obj/STM_Std_Periph/stm32f4xx_usart.o
LOAD ../../motorcontroller2/MOTORCONTROLLER/app/obj/STM_Std_Periph/stm32f4xx_wwdg.o
LOAD ../../motorcontroller2/MOTORCONTROLLER/app/obj/FreeRTOS/croutine.o
LOAD ../../motorcontroller2/MOTORCONTROLLER/app/obj/FreeRTOS/event_groups.o
LOAD ../../motorcontroller2/MOTORCONTROLLER/app/obj/FreeRTOS/list.o
LOAD ../../motorcontroller2/MOTORCONTROLLER/app/obj/FreeRTOS/queue.o
LOAD ../../motorcontroller2/MOTORCONTROLLER/app/obj/FreeRTOS/tasks.o
LOAD ../../motorcontroller2/MOTORCONTROLLER/app/obj/FreeRTOS/timers.o
LOAD ../../motorcontroller2/MOTORCONTROLLER/app/obj/FreeRTOS/port.o
LOAD ../../motorcontroller2/MOTORCONTROLLER/app/obj/FreeRTOS/heap_2.o
LOAD ../../motorcontroller2/MOTORCONTROLLER/app/obj/app/RTOS/RTOS.o
LOAD ../../motorcontroller2/MOTORCONTROLLER/app/obj/app/RTOS/RTOS_componentSpecific.o
LOAD ../../motorcontroller2/MOTORCONTROLLER/app/obj/app/LED.o
LOAD ../../motorcontroller2/MOTORCONTROLLER/app/obj/app/startup/system_stm32f4xx.o
LOAD ../../motorcontroller2/MOTORCONTROLLER/app/obj/app/startup/startup_stm32f411xe.o
LOAD ../../motorcontroller2/MOTORCONTROLLER/app/obj/app/startup/main.o
LOAD c:/ac6/systemworkbench/plugins/fr.ac6.mcu.externaltools.arm-none.win32_1.17.0.201812190825/tools/compiler/bin/../lib/gcc/arm-none-eabi/7.3.1/../../../../arm-none-eabi/lib/thumb/v7e-m/fpv4-sp/hard\libm.a
START GROUP
LOAD c:/ac6/systemworkbench/plugins/fr.ac6.mcu.externaltools.arm-none.win32_1.17.0.201812190825/tools/compiler/bin/../lib/gcc/arm-none-eabi/7.3.1/thumb/v7e-m/fpv4-sp/hard\libgcc.a
LOAD c:/ac6/systemworkbench/plugins/fr.ac6.mcu.externaltools.arm-none.win32_1.17.0.201812190825/tools/compiler/bin/../lib/gcc/arm-none-eabi/7.3.1/../../../../arm-none-eabi/lib/thumb/v7e-m/fpv4-sp/hard\libc.a
END GROUP
LOAD c:/ac6/systemworkbench/plugins/fr.ac6.mcu.externaltools.arm-none.win32_1.17.0.201812190825/tools/compiler/bin/../lib/gcc/arm-none-eabi/7.3.1/thumb/v7e-m/fpv4-sp/hard/crtend.o
LOAD c:/ac6/systemworkbench/plugins/fr.ac6.mcu.externaltools.arm-none.win32_1.17.0.201812190825/tools/compiler/bin/../lib/gcc/arm-none-eabi/7.3.1/thumb/v7e-m/fpv4-sp/hard/crtn.o
                0x20020000                _estack = 0x20020000
                0x00000200                _Min_Heap_Size = 0x200
                0x00000400                _Min_Stack_Size = 0x400

.isr_vector     0x08008000      0x198
                0x08008000                . = ALIGN (0x4)
 *(.isr_vector)
 .isr_vector    0x08008000      0x198 ../../motorcontroller2/MOTORCONTROLLER/app/obj/app/startup/startup_stm32f411xe.o
                0x08008000                g_pfnVectors
                0x08008198                . = ALIGN (0x4)

.text           0x080081a0     0x2c38
                0x080081a0                . = ALIGN (0x4)
 *(.text)
 .text          0x080081a0       0x40 c:/ac6/systemworkbench/plugins/fr.ac6.mcu.externaltools.arm-none.win32_1.17.0.201812190825/tools/compiler/bin/../lib/gcc/arm-none-eabi/7.3.1/thumb/v7e-m/fpv4-sp/hard/crtbegin.o
 .text          0x080081e0      0x134 c:/ac6/systemworkbench/plugins/fr.ac6.mcu.externaltools.arm-none.win32_1.17.0.201812190825/tools/compiler/bin/../lib/gcc/arm-none-eabi/7.3.1/../../../../arm-none-eabi/lib/thumb/v7e-m/fpv4-sp/hard\libc.a(lib_a-memcpy.o)
                0x080081e0                memcpy
 *(.text*)
 .text.vListInitialise
                0x08008314       0x40 ../../motorcontroller2/MOTORCONTROLLER/app/obj/FreeRTOS/list.o
                0x08008314                vListInitialise
 .text.vListInitialiseItem
                0x08008354       0x1a ../../motorcontroller2/MOTORCONTROLLER/app/obj/FreeRTOS/list.o
                0x08008354                vListInitialiseItem
 .text.vListInsertEnd
                0x0800836e       0x48 ../../motorcontroller2/MOTORCONTROLLER/app/obj/FreeRTOS/list.o
                0x0800836e                vListInsertEnd
 .text.vListInsert
                0x080083b6       0x72 ../../motorcontroller2/MOTORCONTROLLER/app/obj/FreeRTOS/list.o
                0x080083b6                vListInsert
 .text.uxListRemove
                0x08008428       0x54 ../../motorcontroller2/MOTORCONTROLLER/app/obj/FreeRTOS/list.o
                0x08008428                uxListRemove
 .text.xQueueGenericReset
                0x0800847c       0xd0 ../../motorcontroller2/MOTORCONTROLLER/app/obj/FreeRTOS/queue.o
                0x0800847c                xQueueGenericReset
 .text.xQueueGenericCreate
                0x0800854c       0x76 ../../motorcontroller2/MOTORCONTROLLER/app/obj/FreeRTOS/queue.o
                0x0800854c                xQueueGenericCreate
 .text.prvInitialiseNewQueue
                0x080085c2       0x46 ../../motorcontroller2/MOTORCONTROLLER/app/obj/FreeRTOS/queue.o
 .text.xQueueGenericSend
                0x08008608      0x1f4 ../../motorcontroller2/MOTORCONTROLLER/app/obj/FreeRTOS/queue.o
                0x08008608                xQueueGenericSend
 .text.xQueueGenericSendFromISR
                0x080087fc      0x128 ../../motorcontroller2/MOTORCONTROLLER/app/obj/FreeRTOS/queue.o
                0x080087fc                xQueueGenericSendFromISR
 .text.xQueueReceive
                0x08008924      0x1b8 ../../motorcontroller2/MOTORCONTROLLER/app/obj/FreeRTOS/queue.o
                0x08008924                xQueueReceive
 .text.prvCopyDataToQueue
                0x08008adc       0xd4 ../../motorcontroller2/MOTORCONTROLLER/app/obj/FreeRTOS/queue.o
 .text.prvCopyDataFromQueue
                0x08008bb0       0x4c ../../motorcontroller2/MOTORCONTROLLER/app/obj/FreeRTOS/queue.o
 .text.prvUnlockQueue
                0x08008bfc       0xa4 ../../motorcontroller2/MOTORCONTROLLER/app/obj/FreeRTOS/queue.o
 .text.prvIsQueueEmpty
                0x08008ca0       0x2c ../../motorcontroller2/MOTORCONTROLLER/app/obj/FreeRTOS/queue.o
 .text.prvIsQueueFull
                0x08008ccc       0x30 ../../motorcontroller2/MOTORCONTROLLER/app/obj/FreeRTOS/queue.o
 .text.vQueueAddToRegistry
                0x08008cfc       0x50 ../../motorcontroller2/MOTORCONTROLLER/app/obj/FreeRTOS/queue.o
                0x08008cfc                vQueueAddToRegistry
 .text.vQueueWaitForMessageRestricted
                0x08008d4c       0x68 ../../motorcontroller2/MOTORCONTROLLER/app/obj/FreeRTOS/queue.o
                0x08008d4c                vQueueWaitForMessageRestricted
 .text.xTaskCreate
                0x08008db4       0x82 ../../motorcontroller2/MOTORCONTROLLER/app/obj/FreeRTOS/tasks.o
                0x08008db4                xTaskCreate
 .text.prvInitialiseNewTask
                0x08008e36      0x11c ../../motorcontroller2/MOTORCONTROLLER/app/obj/FreeRTOS/tasks.o
 *fill*         0x08008f52        0x2 
 .text.prvAddNewTaskToReadyList
                0x08008f54       0xdc ../../motorcontroller2/MOTORCONTROLLER/app/obj/FreeRTOS/tasks.o
 .text.vTaskDelayUntil
                0x08009030       0xf4 ../../motorcontroller2/MOTORCONTROLLER/app/obj/FreeRTOS/tasks.o
                0x08009030                vTaskDelayUntil
 .text.vTaskStartScheduler
                0x08009124       0x98 ../../motorcontroller2/MOTORCONTROLLER/app/obj/FreeRTOS/tasks.o
                0x08009124                vTaskStartScheduler
 .text.vTaskSuspendAll
                0x080091bc       0x1c ../../motorcontroller2/MOTORCONTROLLER/app/obj/FreeRTOS/tasks.o
                0x080091bc                vTaskSuspendAll
 .text.xTaskResumeAll
                0x080091d8      0x138 ../../motorcontroller2/MOTORCONTROLLER/app/obj/FreeRTOS/tasks.o
                0x080091d8                xTaskResumeAll
 .text.xTaskGetTickCount
                0x08009310       0x20 ../../motorcontroller2/MOTORCONTROLLER/app/obj/FreeRTOS/tasks.o
                0x08009310                xTaskGetTickCount
 .text.xTaskIncrementTick
                0x08009330      0x180 ../../motorcontroller2/MOTORCONTROLLER/app/obj/FreeRTOS/tasks.o
                0x08009330                xTaskIncrementTick
 .text.vTaskSwitchContext
                0x080094b0      0x100 ../../motorcontroller2/MOTORCONTROLLER/app/obj/FreeRTOS/tasks.o
                0x080094b0                vTaskSwitchContext
 .text.vTaskPlaceOnEventList
                0x080095b0       0x48 ../../motorcontroller2/MOTORCONTROLLER/app/obj/FreeRTOS/tasks.o
                0x080095b0                vTaskPlaceOnEventList
 .text.vTaskPlaceOnEventListRestricted
                0x080095f8       0x54 ../../motorcontroller2/MOTORCONTROLLER/app/obj/FreeRTOS/tasks.o
                0x080095f8                vTaskPlaceOnEventListRestricted
 .text.xTaskRemoveFromEventList
                0x0800964c       0xc4 ../../motorcontroller2/MOTORCONTROLLER/app/obj/FreeRTOS/tasks.o
                0x0800964c                xTaskRemoveFromEventList
 .text.vTaskInternalSetTimeOutState
                0x08009710       0x2c ../../motorcontroller2/MOTORCONTROLLER/app/obj/FreeRTOS/tasks.o
                0x08009710                vTaskInternalSetTimeOutState
 .text.xTaskCheckForTimeOut
                0x0800973c       0xc0 ../../motorcontroller2/MOTORCONTROLLER/app/obj/FreeRTOS/tasks.o
                0x0800973c                xTaskCheckForTimeOut
 .text.vTaskMissedYield
                0x080097fc       0x18 ../../motorcontroller2/MOTORCONTROLLER/app/obj/FreeRTOS/tasks.o
                0x080097fc                vTaskMissedYield
 .text.prvIdleTask
                0x08009814       0x34 ../../motorcontroller2/MOTORCONTROLLER/app/obj/FreeRTOS/tasks.o
 .text.prvInitialiseTaskLists
                0x08009848       0x80 ../../motorcontroller2/MOTORCONTROLLER/app/obj/FreeRTOS/tasks.o
 .text.prvCheckTasksWaitingTermination
                0x080098c8       0x58 ../../motorcontroller2/MOTORCONTROLLER/app/obj/FreeRTOS/tasks.o
 .text.prvDeleteTCB
                0x08009920       0x20 ../../motorcontroller2/MOTORCONTROLLER/app/obj/FreeRTOS/tasks.o
 .text.prvResetNextTaskUnblockTime
                0x08009940       0x40 ../../motorcontroller2/MOTORCONTROLLER/app/obj/FreeRTOS/tasks.o
 .text.xTaskGetSchedulerState
                0x08009980       0x3c ../../motorcontroller2/MOTORCONTROLLER/app/obj/FreeRTOS/tasks.o
                0x08009980                xTaskGetSchedulerState
 .text.xTaskPriorityDisinherit
                0x080099bc      0x108 ../../motorcontroller2/MOTORCONTROLLER/app/obj/FreeRTOS/tasks.o
                0x080099bc                xTaskPriorityDisinherit
 .text.prvAddCurrentTaskToDelayedList
                0x08009ac4       0xcc ../../motorcontroller2/MOTORCONTROLLER/app/obj/FreeRTOS/tasks.o
 .text.xTimerCreateTimerTask
                0x08009b90       0x64 ../../motorcontroller2/MOTORCONTROLLER/app/obj/FreeRTOS/timers.o
                0x08009b90                xTimerCreateTimerTask
 .text.xTimerGenericCommand
                0x08009bf4       0x98 ../../motorcontroller2/MOTORCONTROLLER/app/obj/FreeRTOS/timers.o
                0x08009bf4                xTimerGenericCommand
 .text.prvProcessExpiredTimer
                0x08009c8c       0x98 ../../motorcontroller2/MOTORCONTROLLER/app/obj/FreeRTOS/timers.o
 .text.prvTimerTask
                0x08009d24       0x24 ../../motorcontroller2/MOTORCONTROLLER/app/obj/FreeRTOS/timers.o
 .text.prvProcessTimerOrBlockTask
                0x08009d48       0x9c ../../motorcontroller2/MOTORCONTROLLER/app/obj/FreeRTOS/timers.o
 .text.prvGetNextExpireTime
                0x08009de4       0x48 ../../motorcontroller2/MOTORCONTROLLER/app/obj/FreeRTOS/timers.o
 .text.prvSampleTimeNow
                0x08009e2c       0x40 ../../motorcontroller2/MOTORCONTROLLER/app/obj/FreeRTOS/timers.o
 .text.prvInsertTimerInActiveList
                0x08009e6c       0x84 ../../motorcontroller2/MOTORCONTROLLER/app/obj/FreeRTOS/timers.o
 .text.prvProcessReceivedCommands
                0x08009ef0      0x188 ../../motorcontroller2/MOTORCONTROLLER/app/obj/FreeRTOS/timers.o
 .text.prvSwitchTimerLists
                0x0800a078       0xc8 ../../motorcontroller2/MOTORCONTROLLER/app/obj/FreeRTOS/timers.o
 .text.prvCheckForValidListAndQueue
                0x0800a140       0x6c ../../motorcontroller2/MOTORCONTROLLER/app/obj/FreeRTOS/timers.o
 .text.pxPortInitialiseStack
                0x0800a1ac       0x68 ../../motorcontroller2/MOTORCONTROLLER/app/obj/FreeRTOS/port.o
                0x0800a1ac                pxPortInitialiseStack
 .text.prvTaskExitError
                0x0800a214       0x54 ../../motorcontroller2/MOTORCONTROLLER/app/obj/FreeRTOS/port.o
 *fill*         0x0800a268        0x8 
 .text.SVC_Handler
                0x0800a270       0x28 ../../motorcontroller2/MOTORCONTROLLER/app/obj/FreeRTOS/port.o
                0x0800a270                SVC_Handler
 .text.prvPortStartFirstTask
                0x0800a298       0x28 ../../motorcontroller2/MOTORCONTROLLER/app/obj/FreeRTOS/port.o
 .text.xPortStartScheduler
                0x0800a2c0      0x13c ../../motorcontroller2/MOTORCONTROLLER/app/obj/FreeRTOS/port.o
                0x0800a2c0                xPortStartScheduler
 .text.vPortEnterCritical
                0x0800a3fc       0x5c ../../motorcontroller2/MOTORCONTROLLER/app/obj/FreeRTOS/port.o
                0x0800a3fc                vPortEnterCritical
 .text.vPortExitCritical
                0x0800a458       0x50 ../../motorcontroller2/MOTORCONTROLLER/app/obj/FreeRTOS/port.o
                0x0800a458                vPortExitCritical
 *fill*         0x0800a4a8        0x8 
 .text.PendSV_Handler
                0x0800a4b0       0x68 ../../motorcontroller2/MOTORCONTROLLER/app/obj/FreeRTOS/port.o
                0x0800a4b0                PendSV_Handler
 .text.SysTick_Handler
                0x0800a518       0x40 ../../motorcontroller2/MOTORCONTROLLER/app/obj/FreeRTOS/port.o
                0x0800a518                SysTick_Handler
 .text.vPortSetupTimerInterrupt
                0x0800a558       0x48 ../../motorcontroller2/MOTORCONTROLLER/app/obj/FreeRTOS/port.o
                0x0800a558                vPortSetupTimerInterrupt
 .text.vPortEnableVFP
                0x0800a5a0       0x14 ../../motorcontroller2/MOTORCONTROLLER/app/obj/FreeRTOS/port.o
 .text.vPortValidateInterruptPriority
                0x0800a5b4       0x7c ../../motorcontroller2/MOTORCONTROLLER/app/obj/FreeRTOS/port.o
                0x0800a5b4                vPortValidateInterruptPriority
 .text.pvPortMalloc
                0x0800a630      0x128 ../../motorcontroller2/MOTORCONTROLLER/app/obj/FreeRTOS/heap_2.o
                0x0800a630                pvPortMalloc
 .text.vPortFree
                0x0800a758       0x74 ../../motorcontroller2/MOTORCONTROLLER/app/obj/FreeRTOS/heap_2.o
                0x0800a758                vPortFree
 .text.prvHeapInit
                0x0800a7cc       0x54 ../../motorcontroller2/MOTORCONTROLLER/app/obj/FreeRTOS/heap_2.o
 .text.RTOS_launch
                0x0800a820       0x80 ../../motorcontroller2/MOTORCONTROLLER/app/obj/app/RTOS/RTOS.o
                0x0800a820                RTOS_launch
 .text.RTOS_task1ms
                0x0800a8a0       0x1e ../../motorcontroller2/MOTORCONTROLLER/app/obj/app/RTOS/RTOS.o
 .text.RTOS_task10ms
                0x0800a8be       0x1e ../../motorcontroller2/MOTORCONTROLLER/app/obj/app/RTOS/RTOS.o
 .text.RTOS_task100ms
                0x0800a8dc       0x1e ../../motorcontroller2/MOTORCONTROLLER/app/obj/app/RTOS/RTOS.o
 .text.RTOS_task1000ms
                0x0800a8fa       0x20 ../../motorcontroller2/MOTORCONTROLLER/app/obj/app/RTOS/RTOS.o
 .text.vApplicationTickHook
                0x0800a91a        0xe ../../motorcontroller2/MOTORCONTROLLER/app/obj/app/RTOS/RTOS.o
                0x0800a91a                vApplicationTickHook
 .text.vApplicationMallocFailedHook
                0x0800a928       0x1a ../../motorcontroller2/MOTORCONTROLLER/app/obj/app/RTOS/RTOS.o
                0x0800a928                vApplicationMallocFailedHook
 .text.vApplicationIdleHook
                0x0800a942        0xe ../../motorcontroller2/MOTORCONTROLLER/app/obj/app/RTOS/RTOS.o
                0x0800a942                vApplicationIdleHook
 .text.vApplicationStackOverflowHook
                0x0800a950       0x1e ../../motorcontroller2/MOTORCONTROLLER/app/obj/app/RTOS/RTOS.o
                0x0800a950                vApplicationStackOverflowHook
 .text.RTOS_init
                0x0800a96e        0xc ../../motorcontroller2/MOTORCONTROLLER/app/obj/app/RTOS/RTOS_componentSpecific.o
                0x0800a96e                RTOS_init
 .text.RTOS_run1ms
                0x0800a97a        0xc ../../motorcontroller2/MOTORCONTROLLER/app/obj/app/RTOS/RTOS_componentSpecific.o
                0x0800a97a                RTOS_run1ms
 .text.RTOS_run10ms
                0x0800a986        0xc ../../motorcontroller2/MOTORCONTROLLER/app/obj/app/RTOS/RTOS_componentSpecific.o
                0x0800a986                RTOS_run10ms
 .text.RTOS_run100ms
                0x0800a992        0xc ../../motorcontroller2/MOTORCONTROLLER/app/obj/app/RTOS/RTOS_componentSpecific.o
                0x0800a992                RTOS_run100ms
 .text.RTOS_run1000ms
                0x0800a99e        0xc ../../motorcontroller2/MOTORCONTROLLER/app/obj/app/RTOS/RTOS_componentSpecific.o
                0x0800a99e                RTOS_run1000ms
 *fill*         0x0800a9aa        0x2 
 .text.LED_init
                0x0800a9ac       0x30 ../../motorcontroller2/MOTORCONTROLLER/app/obj/app/LED.o
                0x0800a9ac                LED_init
 .text.LED_run15
                0x0800a9dc       0x20 ../../motorcontroller2/MOTORCONTROLLER/app/obj/app/LED.o
                0x0800a9dc                LED_run15
 .text.LED_run14
                0x0800a9fc       0x20 ../../motorcontroller2/MOTORCONTROLLER/app/obj/app/LED.o
                0x0800a9fc                LED_run14
 .text.LED_run13
                0x0800aa1c       0x20 ../../motorcontroller2/MOTORCONTROLLER/app/obj/app/LED.o
                0x0800aa1c                LED_run13
 .text.LED_run12
                0x0800aa3c       0x20 ../../motorcontroller2/MOTORCONTROLLER/app/obj/app/LED.o
                0x0800aa3c                LED_run12
 .text.SystemInit
                0x0800aa5c       0x6c ../../motorcontroller2/MOTORCONTROLLER/app/obj/app/startup/system_stm32f4xx.o
                0x0800aa5c                SystemInit
 .text.SetSysClock
                0x0800aac8       0xa0 ../../motorcontroller2/MOTORCONTROLLER/app/obj/app/startup/system_stm32f4xx.o
 .text.Reset_Handler
                0x0800ab68       0x50 ../../motorcontroller2/MOTORCONTROLLER/app/obj/app/startup/startup_stm32f411xe.o
                0x0800ab68                Reset_Handler
 .text.Default_Handler
                0x0800abb8        0x2 ../../motorcontroller2/MOTORCONTROLLER/app/obj/app/startup/startup_stm32f411xe.o
                0x0800abb8                RTC_Alarm_IRQHandler
                0x0800abb8                EXTI2_IRQHandler
                0x0800abb8                DebugMon_Handler
                0x0800abb8                SPI4_IRQHandler
                0x0800abb8                TIM1_CC_IRQHandler
                0x0800abb8                DMA2_Stream5_IRQHandler
                0x0800abb8                HardFault_Handler
                0x0800abb8                DMA1_Stream5_IRQHandler
                0x0800abb8                PVD_IRQHandler
                0x0800abb8                SDIO_IRQHandler
                0x0800abb8                TAMP_STAMP_IRQHandler
                0x0800abb8                NMI_Handler
                0x0800abb8                EXTI3_IRQHandler
                0x0800abb8                TIM1_UP_TIM10_IRQHandler
                0x0800abb8                I2C3_ER_IRQHandler
                0x0800abb8                EXTI0_IRQHandler
                0x0800abb8                I2C2_EV_IRQHandler
                0x0800abb8                DMA1_Stream2_IRQHandler
                0x0800abb8                FPU_IRQHandler
                0x0800abb8                UsageFault_Handler
                0x0800abb8                DMA2_Stream2_IRQHandler
                0x0800abb8                SPI1_IRQHandler
                0x0800abb8                TIM1_BRK_TIM9_IRQHandler
                0x0800abb8                DMA2_Stream3_IRQHandler
                0x0800abb8                USART6_IRQHandler
                0x0800abb8                DMA2_Stream0_IRQHandler
                0x0800abb8                TIM4_IRQHandler
                0x0800abb8                I2C1_EV_IRQHandler
                0x0800abb8                DMA1_Stream6_IRQHandler
                0x0800abb8                DMA1_Stream1_IRQHandler
                0x0800abb8                TIM3_IRQHandler
                0x0800abb8                RCC_IRQHandler
                0x0800abb8                Default_Handler
                0x0800abb8                EXTI15_10_IRQHandler
                0x0800abb8                ADC_IRQHandler
                0x0800abb8                DMA1_Stream7_IRQHandler
                0x0800abb8                SPI5_IRQHandler
                0x0800abb8                TIM5_IRQHandler
                0x0800abb8                DMA2_Stream7_IRQHandler
                0x0800abb8                I2C3_EV_IRQHandler
                0x0800abb8                EXTI9_5_IRQHandler
                0x0800abb8                RTC_WKUP_IRQHandler
                0x0800abb8                SPI2_IRQHandler
                0x0800abb8                MemManage_Handler
                0x0800abb8                DMA1_Stream0_IRQHandler
                0x0800abb8                EXTI4_IRQHandler
                0x0800abb8                WWDG_IRQHandler
                0x0800abb8                TIM2_IRQHandler
                0x0800abb8                OTG_FS_WKUP_IRQHandler
                0x0800abb8                TIM1_TRG_COM_TIM11_IRQHandler
                0x0800abb8                EXTI1_IRQHandler
                0x0800abb8                USART2_IRQHandler
                0x0800abb8                I2C2_ER_IRQHandler
                0x0800abb8                DMA2_Stream1_IRQHandler
                0x0800abb8                FLASH_IRQHandler
                0x0800abb8                DMA2_Stream4_IRQHandler
                0x0800abb8                BusFault_Handler
                0x0800abb8                USART1_IRQHandler
                0x0800abb8                OTG_FS_IRQHandler
                0x0800abb8                SPI3_IRQHandler
                0x0800abb8                DMA1_Stream4_IRQHandler
                0x0800abb8                I2C1_ER_IRQHandler
                0x0800abb8                DMA2_Stream6_IRQHandler
                0x0800abb8                DMA1_Stream3_IRQHandler
 .text.main     0x0800abba        0xe ../../motorcontroller2/MOTORCONTROLLER/app/obj/app/startup/main.o
                0x0800abba                main
 .text.__libc_init_array
                0x0800abc8       0x48 c:/ac6/systemworkbench/plugins/fr.ac6.mcu.externaltools.arm-none.win32_1.17.0.201812190825/tools/compiler/bin/../lib/gcc/arm-none-eabi/7.3.1/../../../../arm-none-eabi/lib/thumb/v7e-m/fpv4-sp/hard\libc.a(lib_a-init.o)
                0x0800abc8                __libc_init_array
 .text.memset   0x0800ac10       0x94 c:/ac6/systemworkbench/plugins/fr.ac6.mcu.externaltools.arm-none.win32_1.17.0.201812190825/tools/compiler/bin/../lib/gcc/arm-none-eabi/7.3.1/../../../../arm-none-eabi/lib/thumb/v7e-m/fpv4-sp/hard\libc.a(lib_a-memset.o)
                0x0800ac10                memset
 .text.startup.register_fini
                0x0800aca4       0x14 c:/ac6/systemworkbench/plugins/fr.ac6.mcu.externaltools.arm-none.win32_1.17.0.201812190825/tools/compiler/bin/../lib/gcc/arm-none-eabi/7.3.1/../../../../arm-none-eabi/lib/thumb/v7e-m/fpv4-sp/hard\libc.a(lib_a-__call_atexit.o)
 .text.atexit   0x0800acb8        0xc c:/ac6/systemworkbench/plugins/fr.ac6.mcu.externaltools.arm-none.win32_1.17.0.201812190825/tools/compiler/bin/../lib/gcc/arm-none-eabi/7.3.1/../../../../arm-none-eabi/lib/thumb/v7e-m/fpv4-sp/hard\libc.a(lib_a-atexit.o)
                0x0800acb8                atexit
 .text.__libc_fini_array
                0x0800acc4       0x34 c:/ac6/systemworkbench/plugins/fr.ac6.mcu.externaltools.arm-none.win32_1.17.0.201812190825/tools/compiler/bin/../lib/gcc/arm-none-eabi/7.3.1/../../../../arm-none-eabi/lib/thumb/v7e-m/fpv4-sp/hard\libc.a(lib_a-fini.o)
                0x0800acc4                __libc_fini_array
 .text.__retarget_lock_acquire_recursive
                0x0800acf8        0x4 c:/ac6/systemworkbench/plugins/fr.ac6.mcu.externaltools.arm-none.win32_1.17.0.201812190825/tools/compiler/bin/../lib/gcc/arm-none-eabi/7.3.1/../../../../arm-none-eabi/lib/thumb/v7e-m/fpv4-sp/hard\libc.a(lib_a-lock.o)
                0x0800acf8                __retarget_lock_acquire_recursive
 .text.__retarget_lock_release_recursive
                0x0800acfc        0x4 c:/ac6/systemworkbench/plugins/fr.ac6.mcu.externaltools.arm-none.win32_1.17.0.201812190825/tools/compiler/bin/../lib/gcc/arm-none-eabi/7.3.1/../../../../arm-none-eabi/lib/thumb/v7e-m/fpv4-sp/hard\libc.a(lib_a-lock.o)
                0x0800acfc                __retarget_lock_release_recursive
 .text.__register_exitproc
                0x0800ad00       0xc0 c:/ac6/systemworkbench/plugins/fr.ac6.mcu.externaltools.arm-none.win32_1.17.0.201812190825/tools/compiler/bin/../lib/gcc/arm-none-eabi/7.3.1/../../../../arm-none-eabi/lib/thumb/v7e-m/fpv4-sp/hard\libc.a(lib_a-__atexit.o)
                0x0800ad00                __register_exitproc
 *(.glue_7)
 .glue_7        0x0800adc0        0x0 linker stubs
 *(.glue_7t)
 .glue_7t       0x0800adc0        0x0 linker stubs
 *(.eh_frame)
 .eh_frame      0x0800adc0        0x0 c:/ac6/systemworkbench/plugins/fr.ac6.mcu.externaltools.arm-none.win32_1.17.0.201812190825/tools/compiler/bin/../lib/gcc/arm-none-eabi/7.3.1/thumb/v7e-m/fpv4-sp/hard/crtbegin.o
 *(.init)
 .init          0x0800adc0        0x4 c:/ac6/systemworkbench/plugins/fr.ac6.mcu.externaltools.arm-none.win32_1.17.0.201812190825/tools/compiler/bin/../lib/gcc/arm-none-eabi/7.3.1/thumb/v7e-m/fpv4-sp/hard/crti.o
                0x0800adc0                _init
 .init          0x0800adc4        0x8 c:/ac6/systemworkbench/plugins/fr.ac6.mcu.externaltools.arm-none.win32_1.17.0.201812190825/tools/compiler/bin/../lib/gcc/arm-none-eabi/7.3.1/thumb/v7e-m/fpv4-sp/hard/crtn.o
 *(.fini)
 .fini          0x0800adcc        0x4 c:/ac6/systemworkbench/plugins/fr.ac6.mcu.externaltools.arm-none.win32_1.17.0.201812190825/tools/compiler/bin/../lib/gcc/arm-none-eabi/7.3.1/thumb/v7e-m/fpv4-sp/hard/crti.o
                0x0800adcc                _fini
 .fini          0x0800add0        0x8 c:/ac6/systemworkbench/plugins/fr.ac6.mcu.externaltools.arm-none.win32_1.17.0.201812190825/tools/compiler/bin/../lib/gcc/arm-none-eabi/7.3.1/thumb/v7e-m/fpv4-sp/hard/crtn.o
                0x0800add8                . = ALIGN (0x4)
                0x0800add8                _etext = .

.vfp11_veneer   0x0800add8        0x0
 .vfp11_veneer  0x0800add8        0x0 linker stubs

.v4_bx          0x0800add8        0x0
 .v4_bx         0x0800add8        0x0 linker stubs

.iplt           0x0800add8        0x0
 .iplt          0x0800add8        0x0 c:/ac6/systemworkbench/plugins/fr.ac6.mcu.externaltools.arm-none.win32_1.17.0.201812190825/tools/compiler/bin/../lib/gcc/arm-none-eabi/7.3.1/thumb/v7e-m/fpv4-sp/hard/crtbegin.o

.rodata         0x0800add8       0x48
                0x0800add8                . = ALIGN (0x4)
 *(.rodata)
 .rodata        0x0800add8        0x5 ../../motorcontroller2/MOTORCONTROLLER/app/obj/FreeRTOS/tasks.o
 *fill*         0x0800addd        0x3 
 .rodata        0x0800ade0        0xd ../../motorcontroller2/MOTORCONTROLLER/app/obj/FreeRTOS/timers.o
 *fill*         0x0800aded        0x3 
 .rodata        0x0800adf0       0x2b ../../motorcontroller2/MOTORCONTROLLER/app/obj/app/RTOS/RTOS.o
 *(.rodata*)
 *fill*         0x0800ae1b        0x1 
 .rodata._global_impure_ptr
                0x0800ae1c        0x4 c:/ac6/systemworkbench/plugins/fr.ac6.mcu.externaltools.arm-none.win32_1.17.0.201812190825/tools/compiler/bin/../lib/gcc/arm-none-eabi/7.3.1/../../../../arm-none-eabi/lib/thumb/v7e-m/fpv4-sp/hard\libc.a(lib_a-impure.o)
                0x0800ae1c                _global_impure_ptr
                0x0800ae20                . = ALIGN (0x4)

.rel.dyn        0x0800ae20        0x0
 .rel.iplt      0x0800ae20        0x0 c:/ac6/systemworkbench/plugins/fr.ac6.mcu.externaltools.arm-none.win32_1.17.0.201812190825/tools/compiler/bin/../lib/gcc/arm-none-eabi/7.3.1/thumb/v7e-m/fpv4-sp/hard/crtbegin.o

.ARM.extab
 *(.ARM.extab* .gnu.linkonce.armextab.*)

.ARM            0x0800ae20        0x0
                0x0800ae20                __exidx_start = .
 *(.ARM.exidx*)
                0x0800ae20                __exidx_end = .

.preinit_array  0x0800ae20        0x0
                0x0800ae20                PROVIDE (__preinit_array_start = .)
 *(.preinit_array*)
                0x0800ae20                PROVIDE (__preinit_array_end = .)

.init_array     0x0800ae20        0x8
                0x0800ae20                PROVIDE (__init_array_start = .)
 *(SORT_BY_NAME(.init_array.*))
 .init_array.00000
                0x0800ae20        0x4 c:/ac6/systemworkbench/plugins/fr.ac6.mcu.externaltools.arm-none.win32_1.17.0.201812190825/tools/compiler/bin/../lib/gcc/arm-none-eabi/7.3.1/../../../../arm-none-eabi/lib/thumb/v7e-m/fpv4-sp/hard\libc.a(lib_a-__call_atexit.o)
 *(.init_array*)
 .init_array    0x0800ae24        0x4 c:/ac6/systemworkbench/plugins/fr.ac6.mcu.externaltools.arm-none.win32_1.17.0.201812190825/tools/compiler/bin/../lib/gcc/arm-none-eabi/7.3.1/thumb/v7e-m/fpv4-sp/hard/crtbegin.o
                0x0800ae28                PROVIDE (__init_array_end = .)

.fini_array     0x0800ae28        0x4
                0x0800ae28                PROVIDE (__fini_array_start = .)
 *(SORT_BY_NAME(.fini_array.*))
 *(.fini_array*)
 .fini_array    0x0800ae28        0x4 c:/ac6/systemworkbench/plugins/fr.ac6.mcu.externaltools.arm-none.win32_1.17.0.201812190825/tools/compiler/bin/../lib/gcc/arm-none-eabi/7.3.1/thumb/v7e-m/fpv4-sp/hard/crtbegin.o
                0x0800ae2c                PROVIDE (__fini_array_end = .)
                0x0800ae2c                _sidata = LOADADDR (.data)

.data           0x20000000      0x44c load address 0x0800ae2c
                0x20000000                . = ALIGN (0x4)
                0x20000000                _sdata = .
 *(.data)
 .data          0x20000000        0x4 ../../motorcontroller2/MOTORCONTROLLER/app/obj/FreeRTOS/port.o
 .data          0x20000004        0x4 ../../motorcontroller2/MOTORCONTROLLER/app/obj/FreeRTOS/heap_2.o
 .data          0x20000008       0x14 ../../motorcontroller2/MOTORCONTROLLER/app/obj/app/startup/system_stm32f4xx.o
                0x20000008                SystemCoreClock
                0x2000000c                AHBPrescTable
 *(.data*)
 *fill*         0x2000001c        0x4 
 .data.impure_data
                0x20000020      0x428 c:/ac6/systemworkbench/plugins/fr.ac6.mcu.externaltools.arm-none.win32_1.17.0.201812190825/tools/compiler/bin/../lib/gcc/arm-none-eabi/7.3.1/../../../../arm-none-eabi/lib/thumb/v7e-m/fpv4-sp/hard\libc.a(lib_a-impure.o)
 .data.__atexit_recursive_mutex
                0x20000448        0x4 c:/ac6/systemworkbench/plugins/fr.ac6.mcu.externaltools.arm-none.win32_1.17.0.201812190825/tools/compiler/bin/../lib/gcc/arm-none-eabi/7.3.1/../../../../arm-none-eabi/lib/thumb/v7e-m/fpv4-sp/hard\libc.a(lib_a-__call_atexit.o)
                0x20000448                __atexit_recursive_mutex
                0x2000044c                . = ALIGN (0x4)
                0x2000044c                _edata = .

.igot.plt       0x2000044c        0x0 load address 0x0800b278
 .igot.plt      0x2000044c        0x0 c:/ac6/systemworkbench/plugins/fr.ac6.mcu.externaltools.arm-none.win32_1.17.0.201812190825/tools/compiler/bin/../lib/gcc/arm-none-eabi/7.3.1/thumb/v7e-m/fpv4-sp/hard/crtbegin.o
                0x2000044c                . = ALIGN (0x4)

.bss            0x2000044c    0x12ddc load address 0x0800b278
                0x2000044c                _sbss = .
                0x2000044c                __bss_start__ = _sbss
 *(.bss)
 .bss           0x2000044c       0x1c c:/ac6/systemworkbench/plugins/fr.ac6.mcu.externaltools.arm-none.win32_1.17.0.201812190825/tools/compiler/bin/../lib/gcc/arm-none-eabi/7.3.1/thumb/v7e-m/fpv4-sp/hard/crtbegin.o
 .bss           0x20000468      0x104 ../../motorcontroller2/MOTORCONTROLLER/app/obj/FreeRTOS/tasks.o
                0x20000468                pxCurrentTCB
 .bss           0x2000056c       0x3c ../../motorcontroller2/MOTORCONTROLLER/app/obj/FreeRTOS/timers.o
 .bss           0x200005a8        0x8 ../../motorcontroller2/MOTORCONTROLLER/app/obj/FreeRTOS/port.o
 .bss           0x200005b0    0x12c14 ../../motorcontroller2/MOTORCONTROLLER/app/obj/FreeRTOS/heap_2.o
 *(.bss*)
 *(COMMON)
 COMMON         0x200131c4       0x40 ../../motorcontroller2/MOTORCONTROLLER/app/obj/FreeRTOS/queue.o
                0x200131c4                xQueueRegistry
 COMMON         0x20013204       0x21 c:/ac6/systemworkbench/plugins/fr.ac6.mcu.externaltools.arm-none.win32_1.17.0.201812190825/tools/compiler/bin/../lib/gcc/arm-none-eabi/7.3.1/../../../../arm-none-eabi/lib/thumb/v7e-m/fpv4-sp/hard\libc.a(lib_a-lock.o)
                0x20013204                __lock___atexit_recursive_mutex
                0x20013208                __lock___arc4random_mutex
                0x2001320c                __lock___env_recursive_mutex
                0x20013210                __lock___sinit_recursive_mutex
                0x20013214                __lock___malloc_recursive_mutex
                0x20013218                __lock___at_quick_exit_mutex
                0x2001321c                __lock___dd_hash_mutex
                0x20013220                __lock___tz_mutex
                0x20013224                __lock___sfp_recursive_mutex
                0x20013228                . = ALIGN (0x4)
 *fill*         0x20013225        0x3 
                0x20013228                _ebss = .
                0x20013228                __bss_end__ = _ebss

._user_heap_stack
                0x20013228      0x600 load address 0x0800b278
                0x20013228                . = ALIGN (0x8)
                [!provide]                PROVIDE (end = .)
                [!provide]                PROVIDE (_end = .)
                0x20013428                . = (. + _Min_Heap_Size)
 *fill*         0x20013228      0x200 
                0x20013828                . = (. + _Min_Stack_Size)
 *fill*         0x20013428      0x400 
                0x20013828                . = ALIGN (0x8)

/DISCARD/
 libc.a(*)
 libm.a(*)
 libgcc.a(*)

.ARM.attributes
                0x00000000       0x30
 *(.ARM.attributes)
 .ARM.attributes
                0x00000000       0x22 c:/ac6/systemworkbench/plugins/fr.ac6.mcu.externaltools.arm-none.win32_1.17.0.201812190825/tools/compiler/bin/../lib/gcc/arm-none-eabi/7.3.1/thumb/v7e-m/fpv4-sp/hard/crti.o
 .ARM.attributes
                0x00000022       0x34 c:/ac6/systemworkbench/plugins/fr.ac6.mcu.externaltools.arm-none.win32_1.17.0.201812190825/tools/compiler/bin/../lib/gcc/arm-none-eabi/7.3.1/thumb/v7e-m/fpv4-sp/hard/crtbegin.o
 .ARM.attributes
                0x00000056       0x39 ../../motorcontroller2/MOTORCONTROLLER/app/obj/FreeRTOS/list.o
 .ARM.attributes
                0x0000008f       0x39 ../../motorcontroller2/MOTORCONTROLLER/app/obj/FreeRTOS/queue.o
 .ARM.attributes
                0x000000c8       0x39 ../../motorcontroller2/MOTORCONTROLLER/app/obj/FreeRTOS/tasks.o
 .ARM.attributes
                0x00000101       0x39 ../../motorcontroller2/MOTORCONTROLLER/app/obj/FreeRTOS/timers.o
 .ARM.attributes
                0x0000013a       0x39 ../../motorcontroller2/MOTORCONTROLLER/app/obj/FreeRTOS/port.o
 .ARM.attributes
                0x00000173       0x39 ../../motorcontroller2/MOTORCONTROLLER/app/obj/FreeRTOS/heap_2.o
 .ARM.attributes
                0x000001ac       0x39 ../../motorcontroller2/MOTORCONTROLLER/app/obj/app/RTOS/RTOS.o
 .ARM.attributes
                0x000001e5       0x39 ../../motorcontroller2/MOTORCONTROLLER/app/obj/app/RTOS/RTOS_componentSpecific.o
 .ARM.attributes
                0x0000021e       0x39 ../../motorcontroller2/MOTORCONTROLLER/app/obj/app/LED.o
 .ARM.attributes
                0x00000257       0x39 ../../motorcontroller2/MOTORCONTROLLER/app/obj/app/startup/system_stm32f4xx.o
 .ARM.attributes
                0x00000290       0x21 ../../motorcontroller2/MOTORCONTROLLER/app/obj/app/startup/startup_stm32f411xe.o
 .ARM.attributes
                0x000002b1       0x39 ../../motorcontroller2/MOTORCONTROLLER/app/obj/app/startup/main.o
 .ARM.attributes
                0x000002ea       0x34 c:/ac6/systemworkbench/plugins/fr.ac6.mcu.externaltools.arm-none.win32_1.17.0.201812190825/tools/compiler/bin/../lib/gcc/arm-none-eabi/7.3.1/../../../../arm-none-eabi/lib/thumb/v7e-m/fpv4-sp/hard\libc.a(lib_a-impure.o)
 .ARM.attributes
                0x0000031e       0x34 c:/ac6/systemworkbench/plugins/fr.ac6.mcu.externaltools.arm-none.win32_1.17.0.201812190825/tools/compiler/bin/../lib/gcc/arm-none-eabi/7.3.1/../../../../arm-none-eabi/lib/thumb/v7e-m/fpv4-sp/hard\libc.a(lib_a-init.o)
 .ARM.attributes
                0x00000352       0x20 c:/ac6/systemworkbench/plugins/fr.ac6.mcu.externaltools.arm-none.win32_1.17.0.201812190825/tools/compiler/bin/../lib/gcc/arm-none-eabi/7.3.1/../../../../arm-none-eabi/lib/thumb/v7e-m/fpv4-sp/hard\libc.a(lib_a-memcpy.o)
 .ARM.attributes
                0x00000372       0x34 c:/ac6/systemworkbench/plugins/fr.ac6.mcu.externaltools.arm-none.win32_1.17.0.201812190825/tools/compiler/bin/../lib/gcc/arm-none-eabi/7.3.1/../../../../arm-none-eabi/lib/thumb/v7e-m/fpv4-sp/hard\libc.a(lib_a-memset.o)
 .ARM.attributes
                0x000003a6       0x34 c:/ac6/systemworkbench/plugins/fr.ac6.mcu.externaltools.arm-none.win32_1.17.0.201812190825/tools/compiler/bin/../lib/gcc/arm-none-eabi/7.3.1/../../../../arm-none-eabi/lib/thumb/v7e-m/fpv4-sp/hard\libc.a(lib_a-__call_atexit.o)
 .ARM.attributes
                0x000003da       0x34 c:/ac6/systemworkbench/plugins/fr.ac6.mcu.externaltools.arm-none.win32_1.17.0.201812190825/tools/compiler/bin/../lib/gcc/arm-none-eabi/7.3.1/../../../../arm-none-eabi/lib/thumb/v7e-m/fpv4-sp/hard\libc.a(lib_a-atexit.o)
 .ARM.attributes
                0x0000040e       0x34 c:/ac6/systemworkbench/plugins/fr.ac6.mcu.externaltools.arm-none.win32_1.17.0.201812190825/tools/compiler/bin/../lib/gcc/arm-none-eabi/7.3.1/../../../../arm-none-eabi/lib/thumb/v7e-m/fpv4-sp/hard\libc.a(lib_a-fini.o)
 .ARM.attributes
                0x00000442       0x34 c:/ac6/systemworkbench/plugins/fr.ac6.mcu.externaltools.arm-none.win32_1.17.0.201812190825/tools/compiler/bin/../lib/gcc/arm-none-eabi/7.3.1/../../../../arm-none-eabi/lib/thumb/v7e-m/fpv4-sp/hard\libc.a(lib_a-lock.o)
 .ARM.attributes
                0x00000476       0x34 c:/ac6/systemworkbench/plugins/fr.ac6.mcu.externaltools.arm-none.win32_1.17.0.201812190825/tools/compiler/bin/../lib/gcc/arm-none-eabi/7.3.1/../../../../arm-none-eabi/lib/thumb/v7e-m/fpv4-sp/hard\libc.a(lib_a-__atexit.o)
 .ARM.attributes
                0x000004aa       0x22 c:/ac6/systemworkbench/plugins/fr.ac6.mcu.externaltools.arm-none.win32_1.17.0.201812190825/tools/compiler/bin/../lib/gcc/arm-none-eabi/7.3.1/thumb/v7e-m/fpv4-sp/hard/crtn.o
OUTPUT(../../motorcontroller2/MOTORCONTROLLER/app/motorcontroller_app.elf elf32-littlearm)

.debug_info     0x00000000     0x8306
 .debug_info    0x00000000      0xadb ../../motorcontroller2/MOTORCONTROLLER/app/obj/FreeRTOS/list.o
 .debug_info    0x00000adb     0x1f36 ../../motorcontroller2/MOTORCONTROLLER/app/obj/FreeRTOS/queue.o
 .debug_info    0x00002a11     0x275b ../../motorcontroller2/MOTORCONTROLLER/app/obj/FreeRTOS/tasks.o
 .debug_info    0x0000516c     0x146e ../../motorcontroller2/MOTORCONTROLLER/app/obj/FreeRTOS/timers.o
 .debug_info    0x000065da      0x533 ../../motorcontroller2/MOTORCONTROLLER/app/obj/FreeRTOS/port.o
 .debug_info    0x00006b0d      0xb1b ../../motorcontroller2/MOTORCONTROLLER/app/obj/FreeRTOS/heap_2.o
 .debug_info    0x00007628      0x279 ../../motorcontroller2/MOTORCONTROLLER/app/obj/app/RTOS/RTOS.o
 .debug_info    0x000078a1       0x86 ../../motorcontroller2/MOTORCONTROLLER/app/obj/app/RTOS/RTOS_componentSpecific.o
 .debug_info    0x00007927      0x3b9 ../../motorcontroller2/MOTORCONTROLLER/app/obj/app/LED.o
 .debug_info    0x00007ce0      0x5be ../../motorcontroller2/MOTORCONTROLLER/app/obj/app/startup/system_stm32f4xx.o
 .debug_info    0x0000829e       0x22 ../../motorcontroller2/MOTORCONTROLLER/app/obj/app/startup/startup_stm32f411xe.o
 .debug_info    0x000082c0       0x46 ../../motorcontroller2/MOTORCONTROLLER/app/obj/app/startup/main.o

.debug_abbrev   0x00000000     0x1444
 .debug_abbrev  0x00000000      0x205 ../../motorcontroller2/MOTORCONTROLLER/app/obj/FreeRTOS/list.o
 .debug_abbrev  0x00000205      0x352 ../../motorcontroller2/MOTORCONTROLLER/app/obj/FreeRTOS/queue.o
 .debug_abbrev  0x00000557      0x399 ../../motorcontroller2/MOTORCONTROLLER/app/obj/FreeRTOS/tasks.o
 .debug_abbrev  0x000008f0      0x2fe ../../motorcontroller2/MOTORCONTROLLER/app/obj/FreeRTOS/timers.o
 .debug_abbrev  0x00000bee      0x210 ../../motorcontroller2/MOTORCONTROLLER/app/obj/FreeRTOS/port.o
 .debug_abbrev  0x00000dfe      0x27a ../../motorcontroller2/MOTORCONTROLLER/app/obj/FreeRTOS/heap_2.o
 .debug_abbrev  0x00001078      0x149 ../../motorcontroller2/MOTORCONTROLLER/app/obj/app/RTOS/RTOS.o
 .debug_abbrev  0x000011c1       0x3a ../../motorcontroller2/MOTORCONTROLLER/app/obj/app/RTOS/RTOS_componentSpecific.o
 .debug_abbrev  0x000011fb       0xc5 ../../motorcontroller2/MOTORCONTROLLER/app/obj/app/LED.o
 .debug_abbrev  0x000012c0      0x138 ../../motorcontroller2/MOTORCONTROLLER/app/obj/app/startup/system_stm32f4xx.o
 .debug_abbrev  0x000013f8       0x12 ../../motorcontroller2/MOTORCONTROLLER/app/obj/app/startup/startup_stm32f411xe.o
 .debug_abbrev  0x0000140a       0x3a ../../motorcontroller2/MOTORCONTROLLER/app/obj/app/startup/main.o

.debug_aranges  0x00000000      0x640
 .debug_aranges
                0x00000000       0x40 ../../motorcontroller2/MOTORCONTROLLER/app/obj/FreeRTOS/list.o
 .debug_aranges
                0x00000040      0x130 ../../motorcontroller2/MOTORCONTROLLER/app/obj/FreeRTOS/queue.o
 .debug_aranges
                0x00000170      0x1e8 ../../motorcontroller2/MOTORCONTROLLER/app/obj/FreeRTOS/tasks.o
 .debug_aranges
                0x00000358       0xd0 ../../motorcontroller2/MOTORCONTROLLER/app/obj/FreeRTOS/timers.o
 .debug_aranges
                0x00000428       0x80 ../../motorcontroller2/MOTORCONTROLLER/app/obj/FreeRTOS/port.o
 .debug_aranges
                0x000004a8       0x40 ../../motorcontroller2/MOTORCONTROLLER/app/obj/FreeRTOS/heap_2.o
 .debug_aranges
                0x000004e8       0x60 ../../motorcontroller2/MOTORCONTROLLER/app/obj/app/RTOS/RTOS.o
 .debug_aranges
                0x00000548       0x40 ../../motorcontroller2/MOTORCONTROLLER/app/obj/app/RTOS/RTOS_componentSpecific.o
 .debug_aranges
                0x00000588       0x40 ../../motorcontroller2/MOTORCONTROLLER/app/obj/app/LED.o
 .debug_aranges
                0x000005c8       0x30 ../../motorcontroller2/MOTORCONTROLLER/app/obj/app/startup/system_stm32f4xx.o
 .debug_aranges
                0x000005f8       0x28 ../../motorcontroller2/MOTORCONTROLLER/app/obj/app/startup/startup_stm32f411xe.o
 .debug_aranges
                0x00000620       0x20 ../../motorcontroller2/MOTORCONTROLLER/app/obj/app/startup/main.o

.debug_ranges   0x00000000      0x588
 .debug_ranges  0x00000000       0x30 ../../motorcontroller2/MOTORCONTROLLER/app/obj/FreeRTOS/list.o
 .debug_ranges  0x00000030      0x120 ../../motorcontroller2/MOTORCONTROLLER/app/obj/FreeRTOS/queue.o
 .debug_ranges  0x00000150      0x1d8 ../../motorcontroller2/MOTORCONTROLLER/app/obj/FreeRTOS/tasks.o
 .debug_ranges  0x00000328       0xc0 ../../motorcontroller2/MOTORCONTROLLER/app/obj/FreeRTOS/timers.o
 .debug_ranges  0x000003e8       0x70 ../../motorcontroller2/MOTORCONTROLLER/app/obj/FreeRTOS/port.o
 .debug_ranges  0x00000458       0x30 ../../motorcontroller2/MOTORCONTROLLER/app/obj/FreeRTOS/heap_2.o
 .debug_ranges  0x00000488       0x50 ../../motorcontroller2/MOTORCONTROLLER/app/obj/app/RTOS/RTOS.o
 .debug_ranges  0x000004d8       0x30 ../../motorcontroller2/MOTORCONTROLLER/app/obj/app/RTOS/RTOS_componentSpecific.o
 .debug_ranges  0x00000508       0x30 ../../motorcontroller2/MOTORCONTROLLER/app/obj/app/LED.o
 .debug_ranges  0x00000538       0x20 ../../motorcontroller2/MOTORCONTROLLER/app/obj/app/startup/system_stm32f4xx.o
 .debug_ranges  0x00000558       0x20 ../../motorcontroller2/MOTORCONTROLLER/app/obj/app/startup/startup_stm32f411xe.o
 .debug_ranges  0x00000578       0x10 ../../motorcontroller2/MOTORCONTROLLER/app/obj/app/startup/main.o

.debug_macro    0x00000000     0x1373
 .debug_macro   0x00000000      0x18a ../../motorcontroller2/MOTORCONTROLLER/app/obj/FreeRTOS/list.o
 .debug_macro   0x0000018a      0x214 ../../motorcontroller2/MOTORCONTROLLER/app/obj/FreeRTOS/queue.o
 .debug_macro   0x0000039e       0x16 ../../motorcontroller2/MOTORCONTROLLER/app/obj/FreeRTOS/queue.o
 .debug_macro   0x000003b4       0x35 ../../motorcontroller2/MOTORCONTROLLER/app/obj/FreeRTOS/queue.o
 .debug_macro   0x000003e9       0x80 ../../motorcontroller2/MOTORCONTROLLER/app/obj/FreeRTOS/queue.o
 .debug_macro   0x00000469      0x277 ../../motorcontroller2/MOTORCONTROLLER/app/obj/FreeRTOS/tasks.o
 .debug_macro   0x000006e0       0x10 ../../motorcontroller2/MOTORCONTROLLER/app/obj/FreeRTOS/tasks.o
 .debug_macro   0x000006f0      0x1df ../../motorcontroller2/MOTORCONTROLLER/app/obj/FreeRTOS/timers.o
 .debug_macro   0x000008cf       0x97 ../../motorcontroller2/MOTORCONTROLLER/app/obj/FreeRTOS/timers.o
 .debug_macro   0x00000966      0x1a6 ../../motorcontroller2/MOTORCONTROLLER/app/obj/FreeRTOS/port.o
 .debug_macro   0x00000b0c      0x1b7 ../../motorcontroller2/MOTORCONTROLLER/app/obj/FreeRTOS/heap_2.o
 .debug_macro   0x00000cc3      0x229 ../../motorcontroller2/MOTORCONTROLLER/app/obj/app/RTOS/RTOS.o
 .debug_macro   0x00000eec       0x1c ../../motorcontroller2/MOTORCONTROLLER/app/obj/app/RTOS/RTOS.o
 .debug_macro   0x00000f08      0x100 ../../motorcontroller2/MOTORCONTROLLER/app/obj/app/RTOS/RTOS.o
 .debug_macro   0x00001008       0x34 ../../motorcontroller2/MOTORCONTROLLER/app/obj/app/RTOS/RTOS_componentSpecific.o
 .debug_macro   0x0000103c      0x181 ../../motorcontroller2/MOTORCONTROLLER/app/obj/app/LED.o
 .debug_macro   0x000011bd      0x1a5 ../../motorcontroller2/MOTORCONTROLLER/app/obj/app/startup/system_stm32f4xx.o
 .debug_macro   0x00001362       0x11 ../../motorcontroller2/MOTORCONTROLLER/app/obj/app/startup/main.o

.debug_line     0x00000000     0x534c
 .debug_line    0x00000000      0x59d ../../motorcontroller2/MOTORCONTROLLER/app/obj/FreeRTOS/list.o
 .debug_line    0x0000059d      0xeeb ../../motorcontroller2/MOTORCONTROLLER/app/obj/FreeRTOS/queue.o
 .debug_line    0x00001488     0x11f9 ../../motorcontroller2/MOTORCONTROLLER/app/obj/FreeRTOS/tasks.o
 .debug_line    0x00002681      0x90e ../../motorcontroller2/MOTORCONTROLLER/app/obj/FreeRTOS/timers.o
 .debug_line    0x00002f8f      0x686 ../../motorcontroller2/MOTORCONTROLLER/app/obj/FreeRTOS/port.o
 .debug_line    0x00003615      0x5f1 ../../motorcontroller2/MOTORCONTROLLER/app/obj/FreeRTOS/heap_2.o
 .debug_line    0x00003c06      0x85c ../../motorcontroller2/MOTORCONTROLLER/app/obj/app/RTOS/RTOS.o
 .debug_line    0x00004462      0x119 ../../motorcontroller2/MOTORCONTROLLER/app/obj/app/RTOS/RTOS_componentSpecific.o
 .debug_line    0x0000457b      0x653 ../../motorcontroller2/MOTORCONTROLLER/app/obj/app/LED.o
 .debug_line    0x00004bce      0x681 ../../motorcontroller2/MOTORCONTROLLER/app/obj/app/startup/system_stm32f4xx.o
 .debug_line    0x0000524f       0x9c ../../motorcontroller2/MOTORCONTROLLER/app/obj/app/startup/startup_stm32f411xe.o
 .debug_line    0x000052eb       0x61 ../../motorcontroller2/MOTORCONTROLLER/app/obj/app/startup/main.o

.debug_str      0x00000000    0x5dfe2
 .debug_str     0x00000000     0xa241 ../../motorcontroller2/MOTORCONTROLLER/app/obj/FreeRTOS/list.o
                               0xa4a0 (size before relaxing)
 .debug_str     0x0000a241     0x16da ../../motorcontroller2/MOTORCONTROLLER/app/obj/FreeRTOS/queue.o
                               0xbb52 (size before relaxing)
 .debug_str     0x0000b91b     0x1ce9 ../../motorcontroller2/MOTORCONTROLLER/app/obj/FreeRTOS/tasks.o
                               0xc98f (size before relaxing)
 .debug_str     0x0000d604      0x525 ../../motorcontroller2/MOTORCONTROLLER/app/obj/FreeRTOS/timers.o
                               0xbfa3 (size before relaxing)
 .debug_str     0x0000db29      0x80c ../../motorcontroller2/MOTORCONTROLLER/app/obj/FreeRTOS/port.o
                               0x863a (size before relaxing)
 .debug_str     0x0000e335      0x391 ../../motorcontroller2/MOTORCONTROLLER/app/obj/FreeRTOS/heap_2.o
                               0xadca (size before relaxing)
 .debug_str     0x0000e6c6    0x4f4fe ../../motorcontroller2/MOTORCONTROLLER/app/obj/app/RTOS/RTOS.o
                              0x5730b (size before relaxing)
 .debug_str     0x0005dbc4       0xa0 ../../motorcontroller2/MOTORCONTROLLER/app/obj/app/RTOS/RTOS_componentSpecific.o
                               0x2f10 (size before relaxing)
 .debug_str     0x0005dc64      0x1ac ../../motorcontroller2/MOTORCONTROLLER/app/obj/app/LED.o
                              0x5314e (size before relaxing)
 .debug_str     0x0005de10      0x152 ../../motorcontroller2/MOTORCONTROLLER/app/obj/app/startup/system_stm32f4xx.o
                              0x53213 (size before relaxing)
 .debug_str     0x0005df62       0x4c ../../motorcontroller2/MOTORCONTROLLER/app/obj/app/startup/startup_stm32f411xe.o
                                 0xb4 (size before relaxing)
 .debug_str     0x0005dfae       0x34 ../../motorcontroller2/MOTORCONTROLLER/app/obj/app/startup/main.o
                               0x2d5a (size before relaxing)

.comment        0x00000000       0x7f
 .comment       0x00000000       0x7f ../../motorcontroller2/MOTORCONTROLLER/app/obj/FreeRTOS/list.o
                                 0x80 (size before relaxing)
 .comment       0x0000007f       0x80 ../../motorcontroller2/MOTORCONTROLLER/app/obj/FreeRTOS/queue.o
 .comment       0x0000007f       0x80 ../../motorcontroller2/MOTORCONTROLLER/app/obj/FreeRTOS/tasks.o
 .comment       0x0000007f       0x80 ../../motorcontroller2/MOTORCONTROLLER/app/obj/FreeRTOS/timers.o
 .comment       0x0000007f       0x80 ../../motorcontroller2/MOTORCONTROLLER/app/obj/FreeRTOS/port.o
 .comment       0x0000007f       0x80 ../../motorcontroller2/MOTORCONTROLLER/app/obj/FreeRTOS/heap_2.o
 .comment       0x0000007f       0x80 ../../motorcontroller2/MOTORCONTROLLER/app/obj/app/RTOS/RTOS.o
 .comment       0x0000007f       0x80 ../../motorcontroller2/MOTORCONTROLLER/app/obj/app/RTOS/RTOS_componentSpecific.o
 .comment       0x0000007f       0x80 ../../motorcontroller2/MOTORCONTROLLER/app/obj/app/LED.o
 .comment       0x0000007f       0x80 ../../motorcontroller2/MOTORCONTROLLER/app/obj/app/startup/system_stm32f4xx.o
 .comment       0x0000007f       0x80 ../../motorcontroller2/MOTORCONTROLLER/app/obj/app/startup/main.o

.debug_frame    0x00000000     0x1934
 .debug_frame   0x00000000       0xd8 ../../motorcontroller2/MOTORCONTROLLER/app/obj/FreeRTOS/list.o
 .debug_frame   0x000000d8      0x530 ../../motorcontroller2/MOTORCONTROLLER/app/obj/FreeRTOS/queue.o
 .debug_frame   0x00000608      0x850 ../../motorcontroller2/MOTORCONTROLLER/app/obj/FreeRTOS/tasks.o
 .debug_frame   0x00000e58      0x368 ../../motorcontroller2/MOTORCONTROLLER/app/obj/FreeRTOS/timers.o
 .debug_frame   0x000011c0      0x1a8 ../../motorcontroller2/MOTORCONTROLLER/app/obj/FreeRTOS/port.o
 .debug_frame   0x00001368       0xc0 ../../motorcontroller2/MOTORCONTROLLER/app/obj/FreeRTOS/heap_2.o
 .debug_frame   0x00001428      0x128 ../../motorcontroller2/MOTORCONTROLLER/app/obj/app/RTOS/RTOS.o
 .debug_frame   0x00001550       0x9c ../../motorcontroller2/MOTORCONTROLLER/app/obj/app/RTOS/RTOS_componentSpecific.o
 .debug_frame   0x000015ec       0xb0 ../../motorcontroller2/MOTORCONTROLLER/app/obj/app/LED.o
 .debug_frame   0x0000169c       0x74 ../../motorcontroller2/MOTORCONTROLLER/app/obj/app/startup/system_stm32f4xx.o
 .debug_frame   0x00001710       0x2c ../../motorcontroller2/MOTORCONTROLLER/app/obj/app/startup/main.o
 .debug_frame   0x0000173c       0x2c c:/ac6/systemworkbench/plugins/fr.ac6.mcu.externaltools.arm-none.win32_1.17.0.201812190825/tools/compiler/bin/../lib/gcc/arm-none-eabi/7.3.1/../../../../arm-none-eabi/lib/thumb/v7e-m/fpv4-sp/hard\libc.a(lib_a-init.o)
 .debug_frame   0x00001768       0x38 c:/ac6/systemworkbench/plugins/fr.ac6.mcu.externaltools.arm-none.win32_1.17.0.201812190825/tools/compiler/bin/../lib/gcc/arm-none-eabi/7.3.1/../../../../arm-none-eabi/lib/thumb/v7e-m/fpv4-sp/hard\libc.a(lib_a-memset.o)
 .debug_frame   0x000017a0       0x5c c:/ac6/systemworkbench/plugins/fr.ac6.mcu.externaltools.arm-none.win32_1.17.0.201812190825/tools/compiler/bin/../lib/gcc/arm-none-eabi/7.3.1/../../../../arm-none-eabi/lib/thumb/v7e-m/fpv4-sp/hard\libc.a(lib_a-__call_atexit.o)
 .debug_frame   0x000017fc       0x20 c:/ac6/systemworkbench/plugins/fr.ac6.mcu.externaltools.arm-none.win32_1.17.0.201812190825/tools/compiler/bin/../lib/gcc/arm-none-eabi/7.3.1/../../../../arm-none-eabi/lib/thumb/v7e-m/fpv4-sp/hard\libc.a(lib_a-atexit.o)
 .debug_frame   0x0000181c       0x34 c:/ac6/systemworkbench/plugins/fr.ac6.mcu.externaltools.arm-none.win32_1.17.0.201812190825/tools/compiler/bin/../lib/gcc/arm-none-eabi/7.3.1/../../../../arm-none-eabi/lib/thumb/v7e-m/fpv4-sp/hard\libc.a(lib_a-fini.o)
 .debug_frame   0x00001850       0xb0 c:/ac6/systemworkbench/plugins/fr.ac6.mcu.externaltools.arm-none.win32_1.17.0.201812190825/tools/compiler/bin/../lib/gcc/arm-none-eabi/7.3.1/../../../../arm-none-eabi/lib/thumb/v7e-m/fpv4-sp/hard\libc.a(lib_a-lock.o)
 .debug_frame   0x00001900       0x34 c:/ac6/systemworkbench/plugins/fr.ac6.mcu.externaltools.arm-none.win32_1.17.0.201812190825/tools/compiler/bin/../lib/gcc/arm-none-eabi/7.3.1/../../../../arm-none-eabi/lib/thumb/v7e-m/fpv4-sp/hard\libc.a(lib_a-__atexit.o)
